// 重构日志: 5ed95eeb
// 重构日志: 88814955
// 同步 ID: 0774942b @ Sun Jul 26 16:49:54 UTC 2026
// 重构日志: 7cee1866
// 同步 ID: 5e5c400b @ Mon Jul 27 21:45:48 UTC 2026
// 重构日志: 0f19ffd5
// 同步 ID: ef85dd6b @ Wed Jul 29 15:39:07 UTC 2026
// 重构日志: 94e07634
// 重构日志: 3994d984
// 重构日志: 68856834
// 重构日志: 9cdf2e17
// 同步 ID: c8b5707e @ Mon Aug  3 04:34:30 UTC 2026
// 同步 ID: 33c1a7c5 @ Mon Aug  3 17:41:00 UTC 2026
// 重构日志: a63bfb23
// 重构日志: b33ce388
// 同步 ID: 9328807d @ Tue Aug  4 11:34:39 UTC 2026
// 同步 ID: ca9f0c80 @ Tue Aug  4 13:36:19 UTC 2026
// 重构日志: d83b4a46
// 同步 ID: 972c96d3 @ Thu Aug  6 00:51:28 UTC 2026
// 同步 ID: 460968bf @ Thu Aug  6 10:43:17 UTC 2026
// 重构日志: 9da9f110
// 重构日志: d42c781c
// 同步 ID: 8f7a4400 @ Fri Aug  7 04:08:45 UTC 2026
// 重构日志: d67bf019
// 重构日志: 95afc04f
// 重构日志: ec892078
// 重构日志: 2e1cdc0f
// 重构日志: 6013642b
// 重构日志: b3085d04
// 同步 ID: a6a408cb @ Sat Aug  8 09:53:12 UTC 2026
// 重构日志: 1f5dfcdd
